✔ a (0.350416ms)
✖ b (0.8425ms)
ℹ tests 2
ℹ suites 0
ℹ pass 1
ℹ fail 1
ℹ cancelled 0
ℹ skipped 0
ℹ todo 0
ℹ duration_ms 138.667083

✖ failing tests:

test at fail.test.mjs:4:1
✖ b (0.8425ms)
  AssertionError [ERR_ASSERTION]: Expected values to be strictly equal:
  
  2 !== 3
  
      at TestContext.<anonymous> (file:///tmp/fixture/fail.test.mjs:4:24)
      at Test.runInAsyncScope (node:async_hooks:226:14)
      at Test.run (node:internal/test_runner/test:1402:25)
      at Test.processPendingSubtests (node:internal/test_runner/test:974:18)
      at Test.postRun (node:internal/test_runner/test:1542:19)
      at Test.run (node:internal/test_runner/test:1467:12)
      at async startSubtestAfterBootstrap (node:internal/test_runner/harness:387:3) {
    generatedMessage: true,
    code: 'ERR_ASSERTION',
    actual: 2,
    expected: 3,
    operator: 'strictEqual',
    diff: 'simple'
  }
